2025-02-25 12:37:26 | INFO | 当前模型的文件为：experiments/cache/AGIEval/GseRo/gaokao-geography.json, 类型为：single_choice
2025-02-25 12:37:26 | INFO | file name is gaokao-geography, accuracy is 0.9045226130653267, compliance is 1.0
2025-02-25 12:37:26 | INFO | 当前模型的文件为：experiments/cache/AGIEval/GseRo/jec-qa-ca.json, 类型为：multi_choice
2025-02-25 12:37:26 | INFO | file name is jec-qa-ca, accuracy is 0.521, compliance is 1.0
2025-02-25 12:37:26 | INFO | 当前模型的文件为：experiments/cache/AGIEval/GseRo/logiqa-zh.json, 类型为：single_choice
2025-02-25 12:37:26 | INFO | file name is logiqa-zh, accuracy is 0.7035330261136713, compliance is 1.0
2025-02-25 12:37:26 | INFO | 当前模型的文件为：experiments/cache/AGIEval/GseRo/jec-qa-kd.json, 类型为：multi_choice
2025-02-25 12:37:26 | INFO | file name is jec-qa-kd, accuracy is 0.602, compliance is 0.995
2025-02-25 12:37:26 | INFO | 当前模型的文件为：experiments/cache/AGIEval/GseRo/lsat-lr.json, 类型为：single_choice
2025-02-25 12:37:26 | INFO | file name is lsat-lr, accuracy is 0.8352941176470589, compliance is 1.0
2025-02-25 12:37:26 | INFO | 当前模型的文件为：experiments/cache/AGIEval/GseRo/gaokao-biology.json, 类型为：single_choice
2025-02-25 12:37:26 | INFO | file name is gaokao-biology, accuracy is 0.9142857142857143, compliance is 1.0
2025-02-25 12:37:26 | INFO | 当前模型的文件为：experiments/cache/AGIEval/GseRo/lsat-rc.json, 类型为：single_choice
2025-02-25 12:37:26 | INFO | file name is lsat-rc, accuracy is 0.862453531598513, compliance is 1.0
2025-02-25 12:37:26 | INFO | 当前模型的文件为：experiments/cache/AGIEval/GseRo/aqua-rat.json, 类型为：single_choice
2025-02-25 12:37:26 | INFO | file name is aqua-rat, accuracy is 0.7913385826771654, compliance is 0.952755905511811
2025-02-25 12:37:26 | INFO | 当前模型的文件为：experiments/cache/AGIEval/GseRo/gaokao-history.json, 类型为：single_choice
2025-02-25 12:37:26 | INFO | file name is gaokao-history, accuracy is 0.9234042553191489, compliance is 1.0
2025-02-25 12:37:26 | INFO | 当前模型的文件为：experiments/cache/AGIEval/GseRo/gaokao-english.json, 类型为：single_choice
2025-02-25 12:37:26 | INFO | file name is gaokao-english, accuracy is 0.9509803921568627, compliance is 1.0
2025-02-25 12:37:26 | INFO | 当前模型的文件为：experiments/cache/AGIEval/GseRo/lsat-ar.json, 类型为：single_choice
2025-02-25 12:37:27 | INFO | file name is lsat-ar, accuracy is 0.3695652173913043, compliance is 1.0
2025-02-25 12:37:27 | INFO | 当前模型的文件为：experiments/cache/AGIEval/GseRo/gaokao-chemistry.json, 类型为：single_choice
2025-02-25 12:37:27 | INFO | file name is gaokao-chemistry, accuracy is 0.782608695652174, compliance is 1.0
2025-02-25 12:37:27 | INFO | 当前模型的文件为：experiments/cache/AGIEval/GseRo/gaokao-mathqa.json, 类型为：single_choice
2025-02-25 12:37:27 | INFO | file name is gaokao-mathqa, accuracy is 0.6695156695156695, compliance is 0.8547008547008547
2025-02-25 12:37:27 | INFO | 当前模型的文件为：experiments/cache/AGIEval/GseRo/sat-en.json, 类型为：single_choice
2025-02-25 12:37:27 | INFO | file name is sat-en, accuracy is 0.9271844660194175, compliance is 1.0
2025-02-25 12:37:27 | INFO | 当前模型的文件为：experiments/cache/AGIEval/GseRo/gaokao-chinese.json, 类型为：single_choice
2025-02-25 12:37:27 | INFO | file name is gaokao-chinese, accuracy is 0.8373983739837398, compliance is 1.0
2025-02-25 12:37:27 | INFO | 当前模型的文件为：experiments/cache/AGIEval/GseRo/logiqa-en.json, 类型为：single_choice
2025-02-25 12:37:27 | INFO | file name is logiqa-en, accuracy is 0.663594470046083, compliance is 0.9969278033794163
2025-02-25 12:37:27 | INFO | 当前模型的文件为：experiments/cache/AGIEval/GseRo/sat-en-without-passage.json, 类型为：single_choice
2025-02-25 12:37:27 | INFO | file name is sat-en-without-passage, accuracy is 0.587378640776699, compliance is 1.0
2025-02-25 12:37:27 | INFO | 当前模型的文件为：experiments/cache/AGIEval/GseRo/gaokao-mathcloze.json, 类型为：calculation
2025-02-25 12:38:18 | INFO | file name is gaokao-mathcloze, accuracy is 0.7711864406779662, compliance is 0.9661016949152542
2025-02-25 12:38:18 | INFO | 当前模型的文件为：experiments/cache/AGIEval/GseRo/gaokao-physics.json, 类型为：single_choice
2025-02-25 12:38:18 | INFO | file name is gaokao-physics, accuracy is 0.715, compliance is 1.0
2025-02-25 12:38:18 | INFO | 当前模型的文件为：experiments/cache/AGIEval/GseRo/sat-math.json, 类型为：single_choice
2025-02-25 12:38:18 | INFO | file name is sat-math, accuracy is 0.95, compliance is 0.9681818181818181
2025-02-25 12:38:18 | INFO | 当前模型的文件为：experiments/cache/AGIEval/GseRo/math.json, 类型为：calculation
2025-02-25 12:45:23 | INFO | file name is math, accuracy is 0.729, compliance is 0.906
